// Jest Snapshot v1, https://goo.gl/fbAQLP

exports[`render renders without crashing 1`] = `
.c0 {
  display: -webkit-box;
  display: -webkit-flex;
  display: -ms-flexbox;
  display: flex;
  list-style-type: none;
  margin: 0;
  padding: 24px 0;
}

.c1 {
  color: #2e3c43;
  font: 400 12px/16px 'Roboto';
}

.c1:after {
  content: 'â€º';
  font-size: 12px;
  margin: 0 6px;
}

.c1:last-child:after {
  display: none;
}

.c1 a {
  color: #1785FB;
  text-decoration: none;
}

.c1 a:hover {
  text-decoration: underline;
}

<ul
  className="c0"
>
  <li
    className="c1"
  >
    <a
      href="/"
    >
      Home
    </a>
  </li>
  <li
    className="c1"
  >
    <a
      href="/foo"
    >
      Foo
    </a>
  </li>
  <li
    className="c1"
  >
    Wadus
  </li>
</ul>
`;
