// Jest Snapshot v1, https://goo.gl/fbAQLP

exports[`render renders without crashing 1`] = `
.c3 {
  display: -webkit-inline-box;
  display: -webkit-inline-flex;
  display: -ms-inline-flexbox;
  display: inline-flex;
  -webkit-align-items: center;
  -webkit-box-align: center;
  -ms-flex-align: center;
  align-items: center;
  height: 12px;
  vertical-align: middle;
  width: 12px;
  fill: #1785FB;
}

.c0 {
  background: #fff;
  display: -webkit-box;
  display: -webkit-flex;
  display: -ms-flexbox;
  display: flex;
  padding: 16px;
  border-radius: 4px;
  box-shadow: 0 4px 16px 0 rgba(44,44,44,0.16);
  max-width: 260px;
}

.c0 button {
  border: 0;
  background: transparent;
  box-shadow: none;
  outline: none;
  padding: 0;
  margin: 0;
  cursor: pointer;
  display: -webkit-box;
  display: -webkit-flex;
  display: -ms-flexbox;
  display: flex;
}

.c1 {
  -webkit-flex: 0 0 auto;
  -ms-flex: 0 0 auto;
  flex: 0 0 auto;
}

.c2 {
  -webkit-flex: 1;
  -ms-flex: 1;
  flex: 1;
  padding: 0 8px;
}

<div
  className="c0"
>
  <div
    className="c1"
  >
    Icon
  </div>
  <div
    className="c2"
  >
    Content
  </div>
  <div
    className="c1"
  >
    <button
      onClick={[Function]}
    >
      <svg
        className="c3"
        size={12}
        viewBox="0 0 16 16"
      >
        <path
          d="M8,8.58232323 L1.70292632,14.8793969 C1.5421222,15.040201 1.28140721,15.040201 1.12060309,14.8793969 C0.95979897,14.7185928 0.95979897,14.4578778 1.12060309,14.2970737 L7.41767677,8 L1.12060309,1.70292632 C0.95979897,1.5421222 0.95979897,1.28140721 1.12060309,1.12060309 C1.28140721,0.95979897 1.5421222,0.95979897 1.70292632,1.12060309 L8,7.41767677 L14.2970737,1.12060309 C14.4578778,0.95979897 14.7185928,0.95979897 14.8793969,1.12060309 C15.040201,1.28140721 15.040201,1.5421222 14.8793969,1.70292632 L8.58232323,8 L14.8793969,14.2970737 C15.040201,14.4578778 15.040201,14.7185928 14.8793969,14.8793969 C14.7185928,15.040201 14.4578778,15.040201 14.2970737,14.8793969 L8,8.58232323 Z"
        />
      </svg>
    </button>
  </div>
</div>
`;
